193 177
.................................................................................................................................................................................
.................................................................................................................................................................................
.................................................................................................................................................................................
.................................................................................................................................................................................
.................................................................................................................................................................................
.................................................................................................................................................................................
.................................................................................................................................................................................
.................................................................................................................................................................................
.................................................................................................................................................................................
.................................................................................................................................................................................
.................................................................................................................................................................................
.................................................................................................................................................................................
............TTTTTT...............................................................................................................................................................
............TTTTTT...............................................................................................................................................................
............TTTTTT..........................................................................................................................................TTTTTT...............
............TTTTTTTTTTTTTTTTTTTTTTTT......................................................................................................TTTTTTTTTTTTTTTTTTTTTTTT...............
............TTTTTTTTTTTTTTTTTTTTTTTT......................................................................................................TTTTTTTTTTTTTTTTTTTTTTTT...............
............TTTTTTTTTTTTTTTTTTTTTTTT......................................................................................................TTTTTTTTTTTTTTTTTTTTTTTT...............
............TTTTTTTTTTTTTTTTTTTTTTTT......................................................................................................TTTTTTTTTTTTTTTTTTTTTTTT...............
............TTTTTTTTTTTTTTTTTTTTTTTT......................................................................................................TTTTTTTTTTTTTTTTTTTTTTTT...............
............TTTTTT..........................................................................................................................................TTTTTT...............
............TTTTTT..........................................................................................................................................TTTTTT...............
............TTTTTT..........................................................................................................................................TTTTTT...............
............TTTTTT..........................................................................................................................................TTTTTT...............
............TTTTTT..........................................................................................................................................TTTTTT...............
............TTTTTT..........................................................................................................................................TTTTTT...............
............TTTTTT..........................................................................................................................................TTTTTT...............
............TTTTTT..........................................................................................................................................TTTTTT...............
............TTTTTT..........................................................................................................................................TTTTTT...............
............TTTTTT..........................................................................................................................................TTTTTT...............
............TTTTTT..........................................................................................................................................TTTTTT...............
............TTTTTT..........................................................................................................................................TTTTTT...............
............TTTTTT..........................................................................................................................................TTTTTT...............
............TTTTTT..........................................................................................................................................TTTTTT...............
............TTTTTT..........................................................................................................................................TTTTTT...............
............TTTTTT..........................................................................................................................................TTTTTT...............
............TTTTTT..........................................................................................................................................TTTTTT...............
............................................................................................................................................................TTTTTT...............
............................................................................................................................................................TTTTTT...............
.................................................................................................................................................................................
.................................................................................................................................................................................
.................................................................................................................................................................................
.................................................................................................................................................................................
.................................................................................................................................................................................
.................................................................................................................................................................................
.................................................................................................................................................................................
.................................................................................................................................................................................
.................................................................................................................................................................................
.................................................................................................................................................................................
.................................................................................................................................................................................
.................................................................................................................................................................................
.................................................................................................................................................................................
.................................................................................................................................................................................
.................................................................................................................................................................................
.................................................................................................................................................................................
.................................................................................................................................................................................
.................................................................................................................................................................................
.................................................................................................................................................................................
.................................................................................................................................................................................
.................................................................................................................................................................................
.................................................................................................................................................................................
.................................................................................................................................................................................
.................................................................................................................................................................................
.................................................................................................................................................................................
.................................................................................................................................................................................
.................................................................................................................................................................................
.................................................................................................................................................................................
.................................................................................................................................................................................
.................................................................................................................................................................................
.................................................................................................................................................................................
.................................................................................................................................................................................
.................................................................................................................................................................................
.................................................................................................................................................................................
.................................................................................................................................................................................
.................................................................................................................................................................................
.................................................................................................................................................................................
.................................................................................................................................................................................
.................................................................................................................................................................................
.................................................................................................................................................................................
.................................................................................................................................................................................
.................................................................................................................................................................................
.................................................................................................................................................................................
.................................................................................................................................................................................
.................................................................................................................................................................................
.................................................................................................................................................................................
.................................................................................................................................................................................
.................................................................................................................................................................................
.................................................................................................................................................................................
.................................................................................................................................................................................
.................................................................................................................................................................................
.................................................................................................................................................................................
.................................................................................................................................................................................
.................................................................................................................................................................................
.................................................................................................................................................................................
.................................................................................................................................................................................
.................................................................................................................................................................................
.................................................................................................................................................................................
.................................................................................................................................................................................
.................................................................................................................................................................................
.................................................................................................................................................................................
.................................................................................................................................................................................
.................................................................................................................................................................................
.................................................................................................................................................................................
.................................................................................................................................................................................
.................................................................................................................................................................................
.................................................................................................................................................................................
.................................................................................................................................................................................
.................................................................................................................................................................................
.................................................................................................................................................................................
.................................................................................................................................................................................
.................................................................................................................................................................................
.................................................................................................................................................................................
.................................................................................................................................................................................
.................................................................................................................................................................................
.................................................................................................................................................................................
.................................................................................................................................................................................
.................................................................................................................................................................................
.................................................................................................................................................................................
.................................................................................................................................................................................
.................................................................................................................................................................................
.................................................................................................................................................................................
.................................................................................................................................................................................
.................................................................................................................................................................................
.................................................................................................................................................................................
.................................................................................................................................................................................
.................................................................................................................................................................................
.................................................................................................................................................................................
.................................................................................................................................................................................
.................................................................................................................................................................................
.................................................................................................................................................................................
.................................................................................................................................................................................
.................................................................................................................................................................................
.................................................................................................................................................................................
.................................................................................................................................................................................
.................................................................................................................................................................................
.................................................................................................................................................................................
....................................................................................TTTTTT.......................................................................................
....................................................................................TTTTTT.......................................................................................
....................................................................................TTTTTT.......................................................................................
....................................................................................TTTTTT.......................................................................................
....................................................................................TTTTTT.......................................................................................
....................................................................................TTTTTT.......................................................................................
....................................................................................TTTTTT.......................................................................................
....................................................................................TTTTTT.......................................................................................
....................................................................................TTTTTT.......................................................................................
....................................................................................TTTTTT.......................................................................................
....................................................................................TTTTTT.......................................................................................
....................................................................................TTTTTT.......................................................................................
....................................................................................TTTTTT.......................................................................................
....................................................................................TTTTTT.......................................................................................
....................................................................................TTTTTT.......................................................................................
....................................................................................TTTTTT.......................................................................................
....................................................................................TTTTTT.......................................................................................
....................................................................................TTTTTT.......................................................................................
....................................................................................TTTTTT..................................................................TTTTTT...............
....................................................................................TTTTTT..................................................................TTTTTT...............
............TTTTTT..................................................................TTTTTT..................................................................TTTTTT...............
............TTTTTT..................................................................TTTTTT..................................................................TTTTTT...............
............TTTTTT..................................................................TTTTTT..................................................................TTTTTT...............
............TTTTTT..................................................................TTTTTT..................................................................TTTTTT...............
............TTTTTT..................................................................TTTTTT..................................................................TTTTTT...............
............TTTTTT..................................................................TTTTTT..................................................................TTTTTT...............
............TTTTTT..................................................................TTTTTT..................................................................TTTTTT...............
............TTTTTT..................................................................TTTTTT..................................................................TTTTTT...............
............TTTTTT..................................................................TTTTTT..................................................................TTTTTT...............
............TTTTTT..................................................................TTTTTT..................................................................TTTTTT...............
............TTTTTT..................................................................TTTTTT..................................................................TTTTTT...............
............TTTTTT..................................................................TTTTTT..................................................................TTTTTT...............
............TTTTTT..................................................................TTTTTT..................................................................TTTTTT...............
............TTTTTT..................................................................TTTTTT..................................................................TTTTTT...............
............TTTTTT..................................................................TTTTTT..................................................................TTTTTT...............
............TTTTTT..................................................................TTTTTT..................................................................TTTTTT...............
............TTTTTT..................................................................TTTTTT..................................................................TTTTTT...............
............TTTTTT..................................................................TTTTTT..................................................................TTTTTT...............
............TTTTTT..................................................................TTTTTT..................................................................TTTTTT...............
............TTTTTTTTTTTTTTTTTTTTTTTT................................................TTTTTT..............................................TTTTTTTTTTTTTTTTTTTTTTTTTT...............
............TTTTTTTTTTTTTTTTTTTTTTTT................................................TTTTTT..............................................TTTTTTTTTTTTTTTTTTTTTTTTTT...............
............TTTTTTTTTTTTTTTTTTTTTTTT................................................TTTTTT..............................................TTTTTTTTTTTTTTTTTTTTTTTTTT...............
............TTTTTTTTTTTTTTTTTTTTTTTT................................................TTTTTT..............................................TTTTTTTTTTTTTTTTTTTTTTTTTT...............
............TTTTTTTTTTTTTTTTTTTTTTTT................................................TTTTTT..............................................TTTTTTTTTTTTTTTTTTTTTTTT.................
.................................................................................................................................................................................
.................................................................................................................................................................................
.................................................................................................................................................................................
.................................................................................................................................................................................
.................................................................................................................................................................................
.................................................................................................................................................................................
.................................................................................................................................................................................
.................................................................................................................................................................................
.................................................................................................................................................................................
.................................................................................................................................................................................
.................................................................................................................................................................................
.................................................................................................................................................................................
.................................................................................................................................................................................
