193 177
.................................................................................................................................................................................
.................................................................................................................................................................................
.................................................................................................................................................................................
.................................................................................................................................................................................
.................................................................................................................................................................................
.................................................................................................................................................................................
.................................................................................................................................................................................
.................................................................................................................................................................................
.................................................................................................................................................................................
.................................................................................................................................................................................
.................................................................................................................................................................................
.................................................................................................................................................................................
.................................................................................................................................................................................
.............TTTTT...............................................................................................................................................................
.............TTTTT...............................................................................................................................................................
............TTTTTTTTTTTTTTTTTTTTTTTTT.....................................................................................................TTTTTTTTTTTTTTTTTTTTTTTTT..............
............TTTTTTTTTTTTTTTTTTTTTTTTT.....................................................................................................TTTTTTTTTTTTTTTTTTTTTTTTT..............
............TTTTTTTTTTTTTTTTTTTTTTTTT.....................................................................................................TTTTTTTTTTTTTTTTTTTTTTTTT..............
............TTTTTTTTTTTTTTTTTTTTTTTTT.....................................................................................................TTTTTTTTTTTTTTTTTTTTTTTTT..............
............TTTTTTTTTTTTTTTTTTTTTTTTT.....................................................................................................TTTTTTTTTTTTTTTTTTTTTTTTT..............
............TTTTTTTTTTTTTTTTTTTTTTTTT.....................................................................................................TTTTTTTTTTTTTTTTTTTTTTTTT..............
.............TTTTT...........................................................................................................................................TTTTT...............
.............TTTTT...........................................................................................................................................TTTTT...............
.............TTTTT...........................................................................................................................................TTTTT...............
.............TTTTT...........................................................................................................................................TTTTT...............
.............TTTTT...........................................................................................................................................TTTTT...............
.............TTTTT...........................................................................................................................................TTTTT...............
.............TTTTT...........................................................................................................................................TTTTT...............
.............TTTTT...........................................................................................................................................TTTTT...............
.............TTTTT...........................................................................................................................................TTTTT...............
.............TTTTT...........................................................................................................................................TTTTT...............
.............TTTTT...........................................................................................................................................TTTTT...............
.............TTTTT...........................................................................................................................................TTTTT...............
.............TTTTT...........................................................................................................................................TTTTT...............
.............TTTTT...........................................................................................................................................TTTTT...............
.............TTTTT...........................................................................................................................................TTTTT...............
.............TTTTT...........................................................................................................................................TTTTT...............
.............................................................................................................................................................TTTTT...............
.............................................................................................................................................................TTTTT...............
.................................................................................................................................................................................
.................................................................................................................................................................................
.................................................................................................................................................................................
.................................................................................................................................................................................
.................................................................................................................................................................................
.................................................................................................................................................................................
.................................................................................................................................................................................
.................................................................................................................................................................................
.................................................................................................................................................................................
.................................................................................................................................................................................
.................................................................................................................................................................................
.................................................................................................................................................................................
.................................................................................................................................................................................
.................................................................................................................................................................................
.................................................................................................................................................................................
.................................................................................................................................................................................
.................................................................................................................................................................................
.................................................................................................................................................................................
.................................................................................................................................................................................
.................................................................................................................................................................................
.................................................................................................................................................................................
.................................................................................................................................................................................
.................................................................................................................................................................................
.................................................................................................................................................................................
.................................................................................................................................................................................
.................................................................................................................................................................................
.................................................................................................................................................................................
.................................................................................................................................................................................
.................................................................................................................................................................................
.................................................................................................................................................................................
.................................................................................................................................................................................
.................................................................................................................................................................................
.................................................................................................................................................................................
.................................................................................................................................................................................
.................................................................................................................................................................................
.................................................................................................................................................................................
.................................................................................................................................................................................
.................................................................................................................................................................................
.................................................................................................................................................................................
.................................................................................................................................................................................
.................................................................................................................................................................................
.................................................................................................................................................................................
.................................................................................................................................................................................
.................................................................................................................................................................................
.................................................................................................................................................................................
.................................................................................................................................................................................
.................................................................................................................................................................................
.................................................................................................................................................................................
.................................................................................................................................................................................
.................................................................................................................................................................................
.................................................................................................................................................................................
.................................................................................................................................................................................
.................................................................................................................................................................................
.................................................................................................................................................................................
.................................................................................................................................................................................
.................................................................................................................................................................................
.................................................................................................................................................................................
.................................................................................................................................................................................
.................................................................................................................................................................................
.................................................................................................................................................................................
.................................................................................................................................................................................
.................................................................................................................................................................................
.................................................................................................................................................................................
.................................................................................................................................................................................
.................................................................................................................................................................................
.................................................................................................................................................................................
.................................................................................................................................................................................
.................................................................................................................................................................................
.................................................................................................................................................................................
.................................................................................................................................................................................
.................................................................................................................................................................................
.................................................................................................................................................................................
.................................................................................................................................................................................
.................................................................................................................................................................................
.................................................................................................................................................................................
.................................................................................................................................................................................
.................................................................................................................................................................................
.................................................................................................................................................................................
.................................................................................................................................................................................
.................................................................................................................................................................................
.................................................................................................................................................................................
.................................................................................................................................................................................
.................................................................................................................................................................................
.................................................................................................................................................................................
.................................................................................................................................................................................
.................................................................................................................................................................................
.................................................................................................................................................................................
.................................................................................................................................................................................
.................................................................................................................................................................................
.................................................................................................................................................................................
.................................................................................................................................................................................
.................................................................................................................................................................................
.................................................................................................................................................................................
.................................................................................................................................................................................
.................................................................................................................................................................................
.................................................................................................................................................................................
.................................................................................................................................................................................
.................................................................................................................................................................................
.....................................................................................TTTTT.......................................................................................
.....................................................................................TTTTT.......................................................................................
.....................................................................................TTTTT.......................................................................................
.....................................................................................TTTTT.......................................................................................
.....................................................................................TTTTT.......................................................................................
.....................................................................................TTTTT.......................................................................................
.....................................................................................TTTTT.......................................................................................
.....................................................................................TTTTT.......................................................................................
.....................................................................................TTTTT.......................................................................................
.....................................................................................TTTTT.......................................................................................
.....................................................................................TTTTT.......................................................................................
.....................................................................................TTTTT.......................................................................................
.....................................................................................TTTTT.......................................................................................
.....................................................................................TTTTT.......................................................................................
.....................................................................................TTTTT.......................................................................................
.....................................................................................TTTTT.......................................................................................
.....................................................................................TTTTT.......................................................................................
.....................................................................................TTTTT.......................................................................................
.....................................................................................TTTTT...................................................................TTTTT...............
.....................................................................................TTTTT...................................................................TTTTT...............
.............TTTTT...................................................................TTTTT...................................................................TTTTT...............
.............TTTTT...................................................................TTTTT...................................................................TTTTT...............
.............TTTTT...................................................................TTTTT...................................................................TTTTT...............
.............TTTTT...................................................................TTTTT...................................................................TTTTT...............
.............TTTTT...................................................................TTTTT...................................................................TTTTT...............
.............TTTTT...................................................................TTTTT...................................................................TTTTT...............
.............TTTTT...................................................................TTTTT...................................................................TTTTT...............
.............TTTTT...................................................................TTTTT...................................................................TTTTT...............
.............TTTTT...................................................................TTTTT...................................................................TTTTT...............
.............TTTTT...................................................................TTTTT...................................................................TTTTT...............
.............TTTTT...................................................................TTTTT...................................................................TTTTT...............
.............TTTTT...................................................................TTTTT...................................................................TTTTT...............
.............TTTTT...................................................................TTTTT...................................................................TTTTT...............
.............TTTTT...................................................................TTTTT...................................................................TTTTT...............
.............TTTTT...................................................................TTTTT...................................................................TTTTT...............
.............TTTTT...................................................................TTTTT...................................................................TTTTT...............
.............TTTTT...................................................................TTTTT...................................................................TTTTT...............
.............TTTTT...................................................................TTTTT...................................................................TTTTT...............
............TTTTTTTTTTTTTTTTTTTTTTTTT................................................TTTTT..............................................TTTTTTTTTTTTTTTTTTTTTTTTTT...............
............TTTTTTTTTTTTTTTTTTTTTTTTT................................................TTTTT..............................................TTTTTTTTTTTTTTTTTTTTTTTTTT...............
............TTTTTTTTTTTTTTTTTTTTTTTTT................................................TTTTT..............................................TTTTTTTTTTTTTTTTTTTTTTTTTT...............
............TTTTTTTTTTTTTTTTTTTTTTTTT................................................TTTTT..............................................TTTTTTTTTTTTTTTTTTTTTTTTTT...............
............TTTTTTTTTTTTTTTTTTTTTTTTT................................................TTTTT..............................................TTTTTTTTTTTTTTTTTTTTTTTTT................
............TTTTTTTTTTTTTTTTTTTTTTTTT................................................TTTTT..............................................TTTTTTTTTTTTTTTTTTTTTTTTT................
.................................................................................................................................................................................
.................................................................................................................................................................................
.................................................................................................................................................................................
.................................................................................................................................................................................
.................................................................................................................................................................................
.................................................................................................................................................................................
.................................................................................................................................................................................
.................................................................................................................................................................................
.................................................................................................................................................................................
.................................................................................................................................................................................
.................................................................................................................................................................................
.................................................................................................................................................................................
